{
  "version": "1.5.0",
  "plugins_used": [
    {
      "name": "ArtifactoryDetector"
    },
    {
      "name": "AWSKeyDetector"
    },
    {
      "name": "AzureStorageKeyDetector"
    },
    {
      "name": "Base64HighEntropyString",
      "limit": 4.5
    },
    {
      "name": "BasicAuthDetector"
    },
    {
      "name": "CloudantDetector"
    },
    {
      "name": "DiscordBotTokenDetector"
    },
    {
      "name": "GitHubTokenDetector"
    },
    {
      "name": "GitLabTokenDetector"
    },
    {
      "name": "HexHighEntropyString",
      "limit": 3.0
    },
    {
      "name": "IbmCloudIamDetector"
    },
    {
      "name": "IbmCosHmacDetector"
    },
    {
      "name": "IPPublicDetector"
    },
    {
      "name": "JwtTokenDetector"
    },
    {
      "name": "KeywordDetector",
      "keyword_exclude": ""
    },
    {
      "name": "MailchimpDetector"
    },
    {
      "name": "NpmDetector"
    },
    {
      "name": "OpenAIDetector"
    },
    {
      "name": "PrivateKeyDetector"
    },
    {
      "name": "PypiTokenDetector"
    },
    {
      "name": "SendGridDetector"
    },
    {
      "name": "SlackDetector"
    },
    {
      "name": "SoftlayerDetector"
    },
    {
      "name": "SquareOAuthDetector"
    },
    {
      "name": "StripeDetector"
    },
    {
      "name": "TelegramBotTokenDetector"
    },
    {
      "name": "TwilioKeyDetector"
    }
  ],
  "filters_used": [
    {
      "path": "detect_secrets.filters.allowlist.is_line_allowlisted"
    },
    {
      "path": "detect_secrets.filters.common.is_baseline_file",
      "filename": ".secrets.baseline"
    },
    {
      "path": "detect_secrets.filters.common.is_ignored_due_to_verification_policies",
      "min_level": 2
    },
    {
      "path": "detect_secrets.filters.heuristic.is_indirect_reference"
    },
    {
      "path": "detect_secrets.filters.heuristic.is_likely_id_string"
    },
    {
      "path": "detect_secrets.filters.heuristic.is_lock_file"
    },
    {
      "path": "detect_secrets.filters.heuristic.is_not_alphanumeric_string"
    },
    {
      "path": "detect_secrets.filters.heuristic.is_potential_uuid"
    },
    {
      "path": "detect_secrets.filters.heuristic.is_prefixed_with_dollar_sign"
    },
    {
      "path": "detect_secrets.filters.heuristic.is_sequential_string"
    },
    {
      "path": "detect_secrets.filters.heuristic.is_swagger_file"
    },
    {
      "path": "detect_secrets.filters.heuristic.is_templated_secret"
    }
  ],
  "results": {
    ".claude/scenarios/mcp-manager/tests/fixtures/sample_config.json": [
      {
        "type": "Secret Keyword",
        "filename": ".claude/scenarios/mcp-manager/tests/fixtures/sample_config.json",
        "hashed_secret": "3acfb2c2b433c0ea7ff107e33df91b18e52f960f",
        "is_verified": false,
        "line_number": 9
      }
    ],
    ".claude/scenarios/mcp-manager/tests/test_cli.py": [
      {
        "type": "Secret Keyword",
        "filename": ".claude/scenarios/mcp-manager/tests/test_cli.py",
        "hashed_secret": "7288edd0fc3ffcbe93a0cf06e3568e28521687bc",
        "is_verified": false,
        "line_number": 305
      }
    ],
    ".claude/scenarios/mcp-manager/tests/test_mcp_operations.py": [
      {
        "type": "Secret Keyword",
        "filename": ".claude/scenarios/mcp-manager/tests/test_mcp_operations.py",
        "hashed_secret": "a94a8fe5ccb19ba61c4c0873d391e987982fbbd3",
        "is_verified": false,
        "line_number": 109
      },
      {
        "type": "Secret Keyword",
        "filename": ".claude/scenarios/mcp-manager/tests/test_mcp_operations.py",
        "hashed_secret": "7288edd0fc3ffcbe93a0cf06e3568e28521687bc",
        "is_verified": false,
        "line_number": 689
      }
    ],
    ".claude/skills/aspire/examples.md": [
      {
        "type": "Secret Keyword",
        "filename": ".claude/skills/aspire/examples.md",
        "hashed_secret": "833a5bfbdf2fc308c6c7629b9d634c4645b56664",
        "is_verified": false,
        "line_number": 491
      },
      {
        "type": "Secret Keyword",
        "filename": ".claude/skills/aspire/examples.md",
        "hashed_secret": "3622ce1721f95c7bf9e0521587e863bb31d959c9",
        "is_verified": false,
        "line_number": 492
      }
    ],
    ".claude/skills/aspire/patterns.md": [
      {
        "type": "Secret Keyword",
        "filename": ".claude/skills/aspire/patterns.md",
        "hashed_secret": "b968e229ba276f37f8e4c1c38aef06eb7c36a4da",
        "is_verified": false,
        "line_number": 168
      }
    ],
    ".claude/skills/aspire/reference.md": [
      {
        "type": "Secret Keyword",
        "filename": ".claude/skills/aspire/reference.md",
        "hashed_secret": "833a5bfbdf2fc308c6c7629b9d634c4645b56664",
        "is_verified": false,
        "line_number": 502
      }
    ],
    ".claude/skills/azure-admin/docs/devops-automation.md": [
      {
        "type": "Secret Keyword",
        "filename": ".claude/skills/azure-admin/docs/devops-automation.md",
        "hashed_secret": "581bcec62a5fe12c3829ad861c0c671d5acf7405",
        "is_verified": false,
        "line_number": 678
      }
    ],
    ".claude/skills/azure-admin/docs/user-management.md": [
      {
        "type": "Secret Keyword",
        "filename": ".claude/skills/azure-admin/docs/user-management.md",
        "hashed_secret": "8720b7945189fb56b56b4b0ab1b9dcfc3877dd7a",
        "is_verified": false,
        "line_number": 237
      }
    ],
    ".claude/skills/code-atlas/tests/test_security_controls.md": [
      {
        "type": "Basic Auth Credentials",
        "filename": ".claude/skills/code-atlas/tests/test_security_controls.md",
        "hashed_secret": "f7bba7941047b9eda4c0fb1bff8ce9c9482bdece",
        "is_verified": false,
        "line_number": 16
      },
      {
        "type": "Secret Keyword",
        "filename": ".claude/skills/code-atlas/tests/test_security_controls.md",
        "hashed_secret": "f1e984dea5fc75f64978ae25620b1032077ce0bc",
        "is_verified": false,
        "line_number": 118
      }
    ],
    ".claude/skills/gh-aw-adoption/patterns.md": [
      {
        "type": "Secret Keyword",
        "filename": ".claude/skills/gh-aw-adoption/patterns.md",
        "hashed_secret": "aa049e1de2efc2badb67e5b970ccd6cc3e6634db",
        "is_verified": false,
        "line_number": 550
      },
      {
        "type": "Secret Keyword",
        "filename": ".claude/skills/gh-aw-adoption/patterns.md",
        "hashed_secret": "f8ca0d7266886f4b5be9adddc9b66017b3bf1a4b",
        "is_verified": false,
        "line_number": 607
      }
    ],
    ".claude/skills/lsp-setup/tests/test_lsp_configurator.py": [
      {
        "type": "Base64 High Entropy String",
        "filename": ".claude/skills/lsp-setup/tests/test_lsp_configurator.py",
        "hashed_secret": "9b0c75fbd13be85e5eb5946210838bc0ff17a4d1",
        "is_verified": false,
        "line_number": 158
      },
      {
        "type": "Secret Keyword",
        "filename": ".claude/skills/lsp-setup/tests/test_lsp_configurator.py",
        "hashed_secret": "e5e9fa1ba31ecd1ae84f75caaa474f3a663f05f4",
        "is_verified": false,
        "line_number": 163
      },
      {
        "type": "Base64 High Entropy String",
        "filename": ".claude/skills/lsp-setup/tests/test_lsp_configurator.py",
        "hashed_secret": "c5613bb885f5f0944456fc20f774070e48efb13a",
        "is_verified": false,
        "line_number": 184
      }
    ],
    ".claude/skills/pdf/examples/example_usage.md": [
      {
        "type": "Secret Keyword",
        "filename": ".claude/skills/pdf/examples/example_usage.md",
        "hashed_secret": "b1f18ec98274bfef7562a58b76c4ff84c140682c",
        "is_verified": false,
        "line_number": 403
      },
      {
        "type": "Secret Keyword",
        "filename": ".claude/skills/pdf/examples/example_usage.md",
        "hashed_secret": "d3155d7ea7c71affde7fcbc23b364033b89fae8a",
        "is_verified": false,
        "line_number": 404
      }
    ],
    ".claude/skills/qa-team/examples/tui/tui-form-validation.yaml": [
      {
        "type": "Secret Keyword",
        "filename": ".claude/skills/qa-team/examples/tui/tui-form-validation.yaml",
        "hashed_secret": "72559b51f94a7a3ad058c5740cbe2f7cb0d4080b",
        "is_verified": false,
        "line_number": 31
      }
    ],
    ".claude/skills/qa-team/examples/web/web-authentication-flow.yaml": [
      {
        "type": "Secret Keyword",
        "filename": ".claude/skills/qa-team/examples/web/web-authentication-flow.yaml",
        "hashed_secret": "ab3eb0f868f05373c611a6c904ae319ff0772c0c",
        "is_verified": false,
        "line_number": 23
      },
      {
        "type": "Secret Keyword",
        "filename": ".claude/skills/qa-team/examples/web/web-authentication-flow.yaml",
        "hashed_secret": "6eb67d95dba1a614971e31e78146d44bd4a3ada3",
        "is_verified": false,
        "line_number": 25
      }
    ],
    ".claude/skills/quality/testing-code/SKILL.md": [
      {
        "type": "Secret Keyword",
        "filename": ".claude/skills/quality/testing-code/SKILL.md",
        "hashed_secret": "72559b51f94a7a3ad058c5740cbe2f7cb0d4080b",
        "is_verified": false,
        "line_number": 197
      }
    ],
    ".claude/skills/shadow-testing/SKILL.md": [
      {
        "type": "Basic Auth Credentials",
        "filename": ".claude/skills/shadow-testing/SKILL.md",
        "hashed_secret": "ed9d3d832af899035363a69fd53cd3be8f71501c",
        "is_verified": false,
        "line_number": 85
      }
    ],
    ".claude/skills/shadow-testing/docker-compose/ci-shadow.yml": [
      {
        "type": "Basic Auth Credentials",
        "filename": ".claude/skills/shadow-testing/docker-compose/ci-shadow.yml",
        "hashed_secret": "ed9d3d832af899035363a69fd53cd3be8f71501c",
        "is_verified": false,
        "line_number": 27
      }
    ],
    ".claude/skills/shadow-testing/docker-compose/multi-repo.yml": [
      {
        "type": "Basic Auth Credentials",
        "filename": ".claude/skills/shadow-testing/docker-compose/multi-repo.yml",
        "hashed_secret": "ed9d3d832af899035363a69fd53cd3be8f71501c",
        "is_verified": false,
        "line_number": 31
      }
    ],
    ".claude/skills/shadow-testing/docker-compose/single-repo.yml": [
      {
        "type": "Basic Auth Credentials",
        "filename": ".claude/skills/shadow-testing/docker-compose/single-repo.yml",
        "hashed_secret": "ed9d3d832af899035363a69fd53cd3be8f71501c",
        "is_verified": false,
        "line_number": 27
      }
    ],
    ".claude/skills/shadow-testing/scripts/setup-shadow.sh": [
      {
        "type": "Basic Auth Credentials",
        "filename": ".claude/skills/shadow-testing/scripts/setup-shadow.sh",
        "hashed_secret": "ed9d3d832af899035363a69fd53cd3be8f71501c",
        "is_verified": false,
        "line_number": 86
      }
    ],
    ".claude/skills/shadow-testing/scripts/test-shadow.sh": [
      {
        "type": "Basic Auth Credentials",
        "filename": ".claude/skills/shadow-testing/scripts/test-shadow.sh",
        "hashed_secret": "ed9d3d832af899035363a69fd53cd3be8f71501c",
        "is_verified": false,
        "line_number": 41
      }
    ],
    ".claude/skills/transcript-viewer/SKILL.md": [
      {
        "type": "Hex High Entropy String",
        "filename": ".claude/skills/transcript-viewer/SKILL.md",
        "hashed_secret": "84331946e55ba6fb22e85447668cc6f14a63dbd0",
        "is_verified": false,
        "line_number": 445
      }
    ],
    ".claude/tools/amplihack/remote/AUTH_SETUP.md": [
      {
        "type": "Secret Keyword",
        "filename": ".claude/tools/amplihack/remote/AUTH_SETUP.md",
        "hashed_secret": "5ad5daf0f131bb83bef3557cab49b1b2a4838f8a",
        "is_verified": false,
        "line_number": 33
      }
    ],
    ".claude/tools/amplihack/remote/test_auth.py": [
      {
        "type": "Secret Keyword",
        "filename": ".claude/tools/amplihack/remote/test_auth.py",
        "hashed_secret": "a94a8fe5ccb19ba61c4c0873d391e987982fbbd3",
        "is_verified": false,
        "line_number": 33
      },
      {
        "type": "Secret Keyword",
        "filename": ".claude/tools/amplihack/remote/test_auth.py",
        "hashed_secret": "e5e9fa1ba31ecd1ae84f75caaa474f3a663f05f4",
        "is_verified": false,
        "line_number": 44
      },
      {
        "type": "Secret Keyword",
        "filename": ".claude/tools/amplihack/remote/test_auth.py",
        "hashed_secret": "fe1bae27cb7c1fb823f496f286e78f1d2ae87734",
        "is_verified": false,
        "line_number": 83
      }
    ],
    ".claude/tools/amplihack/remote/test_components.py": [
      {
        "type": "Secret Keyword",
        "filename": ".claude/tools/amplihack/remote/test_components.py",
        "hashed_secret": "0b1f2a7eb7c712eca1c2516a53be0aae44662378",
        "is_verified": false,
        "line_number": 69
      },
      {
        "type": "Base64 High Entropy String",
        "filename": ".claude/tools/amplihack/remote/test_components.py",
        "hashed_secret": "19ab5791d939dc87074ce46e1d42b2141b88fb47",
        "is_verified": false,
        "line_number": 83
      },
      {
        "type": "Secret Keyword",
        "filename": ".claude/tools/amplihack/remote/test_components.py",
        "hashed_secret": "f9f655f33d66adb729ad561c0986f933ad8cc283",
        "is_verified": false,
        "line_number": 97
      },
      {
        "type": "Private Key",
        "filename": ".claude/tools/amplihack/remote/test_components.py",
        "hashed_secret": "1348b145fa1a555461c1b790a2f66614781091e9",
        "is_verified": false,
        "line_number": 215
      }
    ],
    ".claude/tools/amplihack/remote/tests/test_cli.py": [
      {
        "type": "Secret Keyword",
        "filename": ".claude/tools/amplihack/remote/tests/test_cli.py",
        "hashed_secret": "3acfb2c2b433c0ea7ff107e33df91b18e52f960f",
        "is_verified": false,
        "line_number": 223
      }
    ],
    ".claude/tools/amplihack/remote/tests/test_context_packager.py": [
      {
        "type": "Secret Keyword",
        "filename": ".claude/tools/amplihack/remote/tests/test_context_packager.py",
        "hashed_secret": "0b1f2a7eb7c712eca1c2516a53be0aae44662378",
        "is_verified": false,
        "line_number": 53
      },
      {
        "type": "Secret Keyword",
        "filename": ".claude/tools/amplihack/remote/tests/test_context_packager.py",
        "hashed_secret": "ec046dfcb0c948ef5df2bda3ead855a4d119ce7f",
        "is_verified": false,
        "line_number": 219
      }
    ],
    ".claude/tools/amplihack/remote/tests/test_executor_tmux.py": [
      {
        "type": "Secret Keyword",
        "filename": ".claude/tools/amplihack/remote/tests/test_executor_tmux.py",
        "hashed_secret": "ed65c049bb2f78ee4f703b2158ba9cc6ea31fb7e",
        "is_verified": false,
        "line_number": 50
      },
      {
        "type": "Secret Keyword",
        "filename": ".claude/tools/amplihack/remote/tests/test_executor_tmux.py",
        "hashed_secret": "3acfb2c2b433c0ea7ff107e33df91b18e52f960f",
        "is_verified": false,
        "line_number": 111
      },
      {
        "type": "Base64 High Entropy String",
        "filename": ".claude/tools/amplihack/remote/tests/test_executor_tmux.py",
        "hashed_secret": "4bf8ac68fd041afebb06738ed93dfff2b6b89b40",
        "is_verified": false,
        "line_number": 175
      }
    ],
    ".claude/tools/amplihack/remote/tests/test_integration.py": [
      {
        "type": "Secret Keyword",
        "filename": ".claude/tools/amplihack/remote/tests/test_integration.py",
        "hashed_secret": "1043071fb8eddffe7fd732ed7b77935864b76701",
        "is_verified": false,
        "line_number": 418
      }
    ],
    ".claude/tools/platform_bridge/tests/test_security.py": [
      {
        "type": "Basic Auth Credentials",
        "filename": ".claude/tools/platform_bridge/tests/test_security.py",
        "hashed_secret": "cbfdac6008f9cab4083784cbd1874f76618d2a97",
        "is_verified": false,
        "line_number": 278
      }
    ],
    ".gitguardian.yaml": [
      {
        "type": "Hex High Entropy String",
        "filename": ".gitguardian.yaml",
        "hashed_secret": "a4b6d481b6254b050e7208067caded6100fb5553",
        "is_verified": false,
        "line_number": 12
      },
      {
        "type": "Hex High Entropy String",
        "filename": ".gitguardian.yaml",
        "hashed_secret": "1a4a0671637e8c4700f04479f31523d10f1786d3",
        "is_verified": false,
        "line_number": 22
      }
    ],
    ".github/aw/actions-lock.json": [
      {
        "type": "Hex High Entropy String",
        "filename": ".github/aw/actions-lock.json",
        "hashed_secret": "e67d250c77fa0226ebbf81962e8b73d19001d970",
        "is_verified": false,
        "line_number": 6
      },
      {
        "type": "Hex High Entropy String",
        "filename": ".github/aw/actions-lock.json",
        "hashed_secret": "4f4e7173c9ad6894df1c43f50a09014c75df6c0d",
        "is_verified": false,
        "line_number": 16
      },
      {
        "type": "Hex High Entropy String",
        "filename": ".github/aw/actions-lock.json",
        "hashed_secret": "2b78fb865107e320680d7dbbd18e36ceb924a616",
        "is_verified": false,
        "line_number": 21
      },
      {
        "type": "Hex High Entropy String",
        "filename": ".github/aw/actions-lock.json",
        "hashed_secret": "9469ccc3ced820ae73ed458ed9c50311297e20f4",
        "is_verified": false,
        "line_number": 26
      },
      {
        "type": "Hex High Entropy String",
        "filename": ".github/aw/actions-lock.json",
        "hashed_secret": "bb7b9cd79039aac72a2f7f1f07a1f2559444f46d",
        "is_verified": false,
        "line_number": 31
      },
      {
        "type": "Hex High Entropy String",
        "filename": ".github/aw/actions-lock.json",
        "hashed_secret": "9178e16cba44429d5ef8bf3497af822cb9f3d40c",
        "is_verified": false,
        "line_number": 36
      },
      {
        "type": "Hex High Entropy String",
        "filename": ".github/aw/actions-lock.json",
        "hashed_secret": "7fa622b52c1b57099aa9436cb04d4eb35fbfd04c",
        "is_verified": false,
        "line_number": 41
      },
      {
        "type": "Hex High Entropy String",
        "filename": ".github/aw/actions-lock.json",
        "hashed_secret": "85756290c41f0b078e4fba60dc385fb99d8face1",
        "is_verified": false,
        "line_number": 46
      },
      {
        "type": "Hex High Entropy String",
        "filename": ".github/aw/actions-lock.json",
        "hashed_secret": "e0ae86b2607c5f4e30e4f9674998e2128938309d",
        "is_verified": false,
        "line_number": 51
      }
    ],
    ".github/commands/remote.md": [
      {
        "type": "Secret Keyword",
        "filename": ".github/commands/remote.md",
        "hashed_secret": "6e22fda6400021ea2c502df3f9f1b473e5a57289",
        "is_verified": false,
        "line_number": 245
      }
    ],
    ".github/workflows/bot-detection.lock.yml": [
      {
        "type": "Secret Keyword",
        "filename": ".github/workflows/bot-detection.lock.yml",
        "hashed_secret": "8a1530507db24792b642bee4b22e723aaf30d5b8",
        "is_verified": false,
        "line_number": 1041
      }
    ],
    ".github/workflows/code-simplifier.lock.yml": [
      {
        "type": "Secret Keyword",
        "filename": ".github/workflows/code-simplifier.lock.yml",
        "hashed_secret": "8a1530507db24792b642bee4b22e723aaf30d5b8",
        "is_verified": false,
        "line_number": 806
      }
    ],
    ".github/workflows/daily-code-metrics.lock.yml": [
      {
        "type": "Secret Keyword",
        "filename": ".github/workflows/daily-code-metrics.lock.yml",
        "hashed_secret": "8a1530507db24792b642bee4b22e723aaf30d5b8",
        "is_verified": false,
        "line_number": 864
      }
    ],
    ".github/workflows/daily-doc-updater.lock.yml": [
      {
        "type": "Secret Keyword",
        "filename": ".github/workflows/daily-doc-updater.lock.yml",
        "hashed_secret": "8a1530507db24792b642bee4b22e723aaf30d5b8",
        "is_verified": false,
        "line_number": 834
      }
    ],
    ".github/workflows/daily-file-diet.lock.yml": [
      {
        "type": "Secret Keyword",
        "filename": ".github/workflows/daily-file-diet.lock.yml",
        "hashed_secret": "8a1530507db24792b642bee4b22e723aaf30d5b8",
        "is_verified": false,
        "line_number": 826
      }
    ],
    ".github/workflows/daily-security-red-team.lock.yml": [
      {
        "type": "Secret Keyword",
        "filename": ".github/workflows/daily-security-red-team.lock.yml",
        "hashed_secret": "8a1530507db24792b642bee4b22e723aaf30d5b8",
        "is_verified": false,
        "line_number": 803
      }
    ],
    ".github/workflows/daily-syntax-error-quality.lock.yml": [
      {
        "type": "Secret Keyword",
        "filename": ".github/workflows/daily-syntax-error-quality.lock.yml",
        "hashed_secret": "8a1530507db24792b642bee4b22e723aaf30d5b8",
        "is_verified": false,
        "line_number": 803
      }
    ],
    ".github/workflows/dependabot-burner.lock.yml": [
      {
        "type": "Secret Keyword",
        "filename": ".github/workflows/dependabot-burner.lock.yml",
        "hashed_secret": "8a1530507db24792b642bee4b22e723aaf30d5b8",
        "is_verified": false,
        "line_number": 488
      }
    ],
    ".github/workflows/docs-noob-tester.lock.yml": [
      {
        "type": "Secret Keyword",
        "filename": ".github/workflows/docs-noob-tester.lock.yml",
        "hashed_secret": "8a1530507db24792b642bee4b22e723aaf30d5b8",
        "is_verified": false,
        "line_number": 839
      }
    ],
    ".github/workflows/duplicate-code-detector.lock.yml": [
      {
        "type": "Secret Keyword",
        "filename": ".github/workflows/duplicate-code-detector.lock.yml",
        "hashed_secret": "8a1530507db24792b642bee4b22e723aaf30d5b8",
        "is_verified": false,
        "line_number": 787
      }
    ],
    ".github/workflows/issue-classifier.lock.yml": [
      {
        "type": "Secret Keyword",
        "filename": ".github/workflows/issue-classifier.lock.yml",
        "hashed_secret": "8a1530507db24792b642bee4b22e723aaf30d5b8",
        "is_verified": false,
        "line_number": 764
      }
    ],
    ".github/workflows/pr-triage-agent.lock.yml": [
      {
        "type": "Secret Keyword",
        "filename": ".github/workflows/pr-triage-agent.lock.yml",
        "hashed_secret": "8a1530507db24792b642bee4b22e723aaf30d5b8",
        "is_verified": false,
        "line_number": 921
      }
    ],
    ".github/workflows/repo-guardian.lock.yml": [
      {
        "type": "Secret Keyword",
        "filename": ".github/workflows/repo-guardian.lock.yml",
        "hashed_secret": "8a1530507db24792b642bee4b22e723aaf30d5b8",
        "is_verified": false,
        "line_number": 778
      }
    ],
    ".github/workflows/security-compliance.lock.yml": [
      {
        "type": "Secret Keyword",
        "filename": ".github/workflows/security-compliance.lock.yml",
        "hashed_secret": "8a1530507db24792b642bee4b22e723aaf30d5b8",
        "is_verified": false,
        "line_number": 842
      }
    ],
    ".github/workflows/static-analysis-report.lock.yml": [
      {
        "type": "Secret Keyword",
        "filename": ".github/workflows/static-analysis-report.lock.yml",
        "hashed_secret": "8a1530507db24792b642bee4b22e723aaf30d5b8",
        "is_verified": false,
        "line_number": 814
      }
    ],
    ".github/workflows/weekly-issue-summary.lock.yml": [
      {
        "type": "Secret Keyword",
        "filename": ".github/workflows/weekly-issue-summary.lock.yml",
        "hashed_secret": "8a1530507db24792b642bee4b22e723aaf30d5b8",
        "is_verified": false,
        "line_number": 790
      }
    ],
    ".github/workflows/workflow-health-manager.lock.yml": [
      {
        "type": "Secret Keyword",
        "filename": ".github/workflows/workflow-health-manager.lock.yml",
        "hashed_secret": "8a1530507db24792b642bee4b22e723aaf30d5b8",
        "is_verified": false,
        "line_number": 935
      }
    ],
    "Specs/MEMORY_ENABLED_AGENTS_ARCHITECTURE.md": [
      {
        "type": "Base64 High Entropy String",
        "filename": "Specs/MEMORY_ENABLED_AGENTS_ARCHITECTURE.md",
        "hashed_secret": "fba2b01e35683ee25f8c587a5d4dcefb5f2ad4d5",
        "is_verified": false,
        "line_number": 1410
      }
    ],
    "Specs/Memory/FOUNDATION_DESIGN.md": [
      {
        "type": "Secret Keyword",
        "filename": "Specs/Memory/FOUNDATION_DESIGN.md",
        "hashed_secret": "46eda0d919e9ff536436e45a46524ad602151135",
        "is_verified": false,
        "line_number": 138
      },
      {
        "type": "Secret Keyword",
        "filename": "Specs/Memory/FOUNDATION_DESIGN.md",
        "hashed_secret": "c35bdb821a941808a150db95d0f934f449bbff17",
        "is_verified": false,
        "line_number": 1423
      },
      {
        "type": "Secret Keyword",
        "filename": "Specs/Memory/FOUNDATION_DESIGN.md",
        "hashed_secret": "32d124a908a29cf3ece36408601b380416c525a3",
        "is_verified": false,
        "line_number": 1704
      }
    ],
    "Specs/Memory/SECURITY_REQUIREMENTS.md": [
      {
        "type": "Basic Auth Credentials",
        "filename": "Specs/Memory/SECURITY_REQUIREMENTS.md",
        "hashed_secret": "a761ce3a45d97e41840a788495e85a70d1bb3815",
        "is_verified": false,
        "line_number": 932
      }
    ],
    "amplifier-bundle/recipes/_recipe_manifest.json": [
      {
        "type": "Hex High Entropy String",
        "filename": "amplifier-bundle/recipes/_recipe_manifest.json",
        "hashed_secret": "0d708d31579e1f7ad96fbbfd58ef1dc24b07d7d6",
        "is_verified": false,
        "line_number": 2
      },
      {
        "type": "Hex High Entropy String",
        "filename": "amplifier-bundle/recipes/_recipe_manifest.json",
        "hashed_secret": "62a2037758c15d04c22a7a53667ef0cceb9b50c2",
        "is_verified": false,
        "line_number": 4
      },
      {
        "type": "Hex High Entropy String",
        "filename": "amplifier-bundle/recipes/_recipe_manifest.json",
        "hashed_secret": "eb50f87f28e9f34aaaf574968a204d5b793a7483",
        "is_verified": false,
        "line_number": 5
      },
      {
        "type": "Hex High Entropy String",
        "filename": "amplifier-bundle/recipes/_recipe_manifest.json",
        "hashed_secret": "26fb7f125c6dc07232282593bfadf01d87359b9c",
        "is_verified": false,
        "line_number": 6
      },
      {
        "type": "Hex High Entropy String",
        "filename": "amplifier-bundle/recipes/_recipe_manifest.json",
        "hashed_secret": "9a8bb08063b8779768f2fde3a9bacbc98711ca03",
        "is_verified": false,
        "line_number": 7
      },
      {
        "type": "Hex High Entropy String",
        "filename": "amplifier-bundle/recipes/_recipe_manifest.json",
        "hashed_secret": "18fbf0fdb0f85a51337045a85b6163fb26bcd752",
        "is_verified": false,
        "line_number": 8
      },
      {
        "type": "Hex High Entropy String",
        "filename": "amplifier-bundle/recipes/_recipe_manifest.json",
        "hashed_secret": "351a45a7b633dd244370c465b91325b9ac52f2d7",
        "is_verified": false,
        "line_number": 9
      },
      {
        "type": "Hex High Entropy String",
        "filename": "amplifier-bundle/recipes/_recipe_manifest.json",
        "hashed_secret": "6c56f3d4350642f35ef64b8eb4001728bc596d66",
        "is_verified": false,
        "line_number": 10
      },
      {
        "type": "Hex High Entropy String",
        "filename": "amplifier-bundle/recipes/_recipe_manifest.json",
        "hashed_secret": "54cab17be2b3981354facc8da1aaf3eadc571498",
        "is_verified": false,
        "line_number": 11
      },
      {
        "type": "Hex High Entropy String",
        "filename": "amplifier-bundle/recipes/_recipe_manifest.json",
        "hashed_secret": "195098919d5718658d3078120f47e2406a000d9f",
        "is_verified": false,
        "line_number": 12
      },
      {
        "type": "Hex High Entropy String",
        "filename": "amplifier-bundle/recipes/_recipe_manifest.json",
        "hashed_secret": "66d655efb662ec3aa163d0a3f4d666a6205a746b",
        "is_verified": false,
        "line_number": 13
      },
      {
        "type": "Hex High Entropy String",
        "filename": "amplifier-bundle/recipes/_recipe_manifest.json",
        "hashed_secret": "9b9301a5f6da97550459499bf11328b93a7638ef",
        "is_verified": false,
        "line_number": 14
      },
      {
        "type": "Hex High Entropy String",
        "filename": "amplifier-bundle/recipes/_recipe_manifest.json",
        "hashed_secret": "83dc87f3c7d3e15a78684549e5cc36c9d770df4c",
        "is_verified": false,
        "line_number": 15
      },
      {
        "type": "Hex High Entropy String",
        "filename": "amplifier-bundle/recipes/_recipe_manifest.json",
        "hashed_secret": "2eabfa868948b2eff383c4756c13f37c539849e7",
        "is_verified": false,
        "line_number": 16
      },
      {
        "type": "Hex High Entropy String",
        "filename": "amplifier-bundle/recipes/_recipe_manifest.json",
        "hashed_secret": "8f8c0809f2686351ffe5b377dc9b1267b249e32c",
        "is_verified": false,
        "line_number": 17
      },
      {
        "type": "Hex High Entropy String",
        "filename": "amplifier-bundle/recipes/_recipe_manifest.json",
        "hashed_secret": "1a909bed49ca1ce5c32ba60d9b87582c3830f9d7",
        "is_verified": false,
        "line_number": 18
      },
      {
        "type": "Hex High Entropy String",
        "filename": "amplifier-bundle/recipes/_recipe_manifest.json",
        "hashed_secret": "800731c3a76c23a32642cbb0cb295ac7d3a8a81f",
        "is_verified": false,
        "line_number": 19
      }
    ],
    "amplifier-bundle/skills/azure-admin/docs/devops-automation.md": [
      {
        "type": "Secret Keyword",
        "filename": "amplifier-bundle/skills/azure-admin/docs/devops-automation.md",
        "hashed_secret": "581bcec62a5fe12c3829ad861c0c671d5acf7405",
        "is_verified": false,
        "line_number": 678
      }
    ],
    "amplifier-bundle/skills/azure-admin/docs/user-management.md": [
      {
        "type": "Secret Keyword",
        "filename": "amplifier-bundle/skills/azure-admin/docs/user-management.md",
        "hashed_secret": "8720b7945189fb56b56b4b0ab1b9dcfc3877dd7a",
        "is_verified": false,
        "line_number": 237
      }
    ],
    "amplifier-bundle/skills/pdf/examples/example_usage.md": [
      {
        "type": "Secret Keyword",
        "filename": "amplifier-bundle/skills/pdf/examples/example_usage.md",
        "hashed_secret": "b1f18ec98274bfef7562a58b76c4ff84c140682c",
        "is_verified": false,
        "line_number": 403
      },
      {
        "type": "Secret Keyword",
        "filename": "amplifier-bundle/skills/pdf/examples/example_usage.md",
        "hashed_secret": "d3155d7ea7c71affde7fcbc23b364033b89fae8a",
        "is_verified": false,
        "line_number": 404
      }
    ],
    "amplifier-bundle/skills/qa-team/examples/tui/tui-form-validation.yaml": [
      {
        "type": "Secret Keyword",
        "filename": "amplifier-bundle/skills/qa-team/examples/tui/tui-form-validation.yaml",
        "hashed_secret": "72559b51f94a7a3ad058c5740cbe2f7cb0d4080b",
        "is_verified": false,
        "line_number": 31
      }
    ],
    "amplifier-bundle/skills/qa-team/examples/web/web-authentication-flow.yaml": [
      {
        "type": "Secret Keyword",
        "filename": "amplifier-bundle/skills/qa-team/examples/web/web-authentication-flow.yaml",
        "hashed_secret": "ab3eb0f868f05373c611a6c904ae319ff0772c0c",
        "is_verified": false,
        "line_number": 23
      },
      {
        "type": "Secret Keyword",
        "filename": "amplifier-bundle/skills/qa-team/examples/web/web-authentication-flow.yaml",
        "hashed_secret": "6eb67d95dba1a614971e31e78146d44bd4a3ada3",
        "is_verified": false,
        "line_number": 25
      }
    ],
    "amplifier-bundle/skills/quality/testing-code/SKILL.md": [
      {
        "type": "Secret Keyword",
        "filename": "amplifier-bundle/skills/quality/testing-code/SKILL.md",
        "hashed_secret": "72559b51f94a7a3ad058c5740cbe2f7cb0d4080b",
        "is_verified": false,
        "line_number": 197
      }
    ],
    "amplifier-bundle/skills/transcript-viewer/SKILL.md": [
      {
        "type": "Hex High Entropy String",
        "filename": "amplifier-bundle/skills/transcript-viewer/SKILL.md",
        "hashed_secret": "84331946e55ba6fb22e85447668cc6f14a63dbd0",
        "is_verified": false,
        "line_number": 445
      }
    ],
    "amplifier-bundle/tools/amplihack/remote/AUTH_SETUP.md": [
      {
        "type": "Secret Keyword",
        "filename": "amplifier-bundle/tools/amplihack/remote/AUTH_SETUP.md",
        "hashed_secret": "5ad5daf0f131bb83bef3557cab49b1b2a4838f8a",
        "is_verified": false,
        "line_number": 33
      }
    ],
    "amplifier-bundle/tools/amplihack/remote/test_auth.py": [
      {
        "type": "Secret Keyword",
        "filename": "amplifier-bundle/tools/amplihack/remote/test_auth.py",
        "hashed_secret": "a94a8fe5ccb19ba61c4c0873d391e987982fbbd3",
        "is_verified": false,
        "line_number": 33
      },
      {
        "type": "Secret Keyword",
        "filename": "amplifier-bundle/tools/amplihack/remote/test_auth.py",
        "hashed_secret": "e5e9fa1ba31ecd1ae84f75caaa474f3a663f05f4",
        "is_verified": false,
        "line_number": 44
      },
      {
        "type": "Secret Keyword",
        "filename": "amplifier-bundle/tools/amplihack/remote/test_auth.py",
        "hashed_secret": "fe1bae27cb7c1fb823f496f286e78f1d2ae87734",
        "is_verified": false,
        "line_number": 83
      }
    ],
    "amplifier-bundle/tools/amplihack/remote/test_components.py": [
      {
        "type": "Secret Keyword",
        "filename": "amplifier-bundle/tools/amplihack/remote/test_components.py",
        "hashed_secret": "0b1f2a7eb7c712eca1c2516a53be0aae44662378",
        "is_verified": false,
        "line_number": 69
      },
      {
        "type": "Base64 High Entropy String",
        "filename": "amplifier-bundle/tools/amplihack/remote/test_components.py",
        "hashed_secret": "19ab5791d939dc87074ce46e1d42b2141b88fb47",
        "is_verified": false,
        "line_number": 83
      },
      {
        "type": "Secret Keyword",
        "filename": "amplifier-bundle/tools/amplihack/remote/test_components.py",
        "hashed_secret": "f9f655f33d66adb729ad561c0986f933ad8cc283",
        "is_verified": false,
        "line_number": 97
      },
      {
        "type": "Private Key",
        "filename": "amplifier-bundle/tools/amplihack/remote/test_components.py",
        "hashed_secret": "1348b145fa1a555461c1b790a2f66614781091e9",
        "is_verified": false,
        "line_number": 215
      }
    ],
    "amplifier-bundle/tools/amplihack/remote/tests/test_cli.py": [
      {
        "type": "Secret Keyword",
        "filename": "amplifier-bundle/tools/amplihack/remote/tests/test_cli.py",
        "hashed_secret": "3acfb2c2b433c0ea7ff107e33df91b18e52f960f",
        "is_verified": false,
        "line_number": 223
      }
    ],
    "amplifier-bundle/tools/amplihack/remote/tests/test_context_packager.py": [
      {
        "type": "Secret Keyword",
        "filename": "amplifier-bundle/tools/amplihack/remote/tests/test_context_packager.py",
        "hashed_secret": "0b1f2a7eb7c712eca1c2516a53be0aae44662378",
        "is_verified": false,
        "line_number": 53
      },
      {
        "type": "Secret Keyword",
        "filename": "amplifier-bundle/tools/amplihack/remote/tests/test_context_packager.py",
        "hashed_secret": "ec046dfcb0c948ef5df2bda3ead855a4d119ce7f",
        "is_verified": false,
        "line_number": 219
      }
    ],
    "amplifier-bundle/tools/amplihack/remote/tests/test_executor_tmux.py": [
      {
        "type": "Secret Keyword",
        "filename": "amplifier-bundle/tools/amplihack/remote/tests/test_executor_tmux.py",
        "hashed_secret": "ed65c049bb2f78ee4f703b2158ba9cc6ea31fb7e",
        "is_verified": false,
        "line_number": 50
      },
      {
        "type": "Secret Keyword",
        "filename": "amplifier-bundle/tools/amplihack/remote/tests/test_executor_tmux.py",
        "hashed_secret": "3acfb2c2b433c0ea7ff107e33df91b18e52f960f",
        "is_verified": false,
        "line_number": 111
      },
      {
        "type": "Base64 High Entropy String",
        "filename": "amplifier-bundle/tools/amplihack/remote/tests/test_executor_tmux.py",
        "hashed_secret": "4bf8ac68fd041afebb06738ed93dfff2b6b89b40",
        "is_verified": false,
        "line_number": 175
      }
    ],
    "amplifier-bundle/tools/amplihack/remote/tests/test_integration.py": [
      {
        "type": "Secret Keyword",
        "filename": "amplifier-bundle/tools/amplihack/remote/tests/test_integration.py",
        "hashed_secret": "1043071fb8eddffe7fd732ed7b77935864b76701",
        "is_verified": false,
        "line_number": 418
      }
    ],
    "amplifier-bundle/tools/platform_bridge/tests/test_security.py": [
      {
        "type": "Basic Auth Credentials",
        "filename": "amplifier-bundle/tools/platform_bridge/tests/test_security.py",
        "hashed_secret": "cbfdac6008f9cab4083784cbd1874f76618d2a97",
        "is_verified": false,
        "line_number": 278
      }
    ],
    "deploy/azure_hive/main.json": [
      {
        "type": "Secret Keyword",
        "filename": "deploy/azure_hive/main.json",
        "hashed_secret": "86e6d3def42c648020ccea87c3d3d1975cc129eb",
        "is_verified": false,
        "line_number": 341
      }
    ],
    "docs/atlas/manifest.json": [
      {
        "type": "Hex High Entropy String",
        "filename": "docs/atlas/manifest.json",
        "hashed_secret": "eb361ae9f641110910e06c09f11f89a2e1c86ce1",
        "is_verified": false,
        "line_number": 4
      },
      {
        "type": "Base64 High Entropy String",
        "filename": "docs/atlas/manifest.json",
        "hashed_secret": "3e91e4347e56c3ef5882d5294c5eb5f91914fe74",
        "is_verified": false,
        "line_number": 48093
      }
    ],
    "docs/claude/commands/amplihack/remote.md": [
      {
        "type": "Secret Keyword",
        "filename": "docs/claude/commands/amplihack/remote.md",
        "hashed_secret": "6e22fda6400021ea2c502df3f9f1b473e5a57289",
        "is_verified": false,
        "line_number": 221
      }
    ],
    "docs/claude/scenarios/mcp-manager/tests/fixtures/sample_config.json": [
      {
        "type": "Secret Keyword",
        "filename": "docs/claude/scenarios/mcp-manager/tests/fixtures/sample_config.json",
        "hashed_secret": "3acfb2c2b433c0ea7ff107e33df91b18e52f960f",
        "is_verified": false,
        "line_number": 9
      }
    ],
    "docs/claude/scenarios/mcp-manager/tests/test_cli.py": [
      {
        "type": "Secret Keyword",
        "filename": "docs/claude/scenarios/mcp-manager/tests/test_cli.py",
        "hashed_secret": "7288edd0fc3ffcbe93a0cf06e3568e28521687bc",
        "is_verified": false,
        "line_number": 305
      }
    ],
    "docs/claude/scenarios/mcp-manager/tests/test_mcp_operations.py": [
      {
        "type": "Secret Keyword",
        "filename": "docs/claude/scenarios/mcp-manager/tests/test_mcp_operations.py",
        "hashed_secret": "a94a8fe5ccb19ba61c4c0873d391e987982fbbd3",
        "is_verified": false,
        "line_number": 109
      },
      {
        "type": "Secret Keyword",
        "filename": "docs/claude/scenarios/mcp-manager/tests/test_mcp_operations.py",
        "hashed_secret": "7288edd0fc3ffcbe93a0cf06e3568e28521687bc",
        "is_verified": false,
        "line_number": 689
      }
    ],
    "docs/claude/skills/azure-admin/docs/devops-automation.md": [
      {
        "type": "Secret Keyword",
        "filename": "docs/claude/skills/azure-admin/docs/devops-automation.md",
        "hashed_secret": "581bcec62a5fe12c3829ad861c0c671d5acf7405",
        "is_verified": false,
        "line_number": 678
      }
    ],
    "docs/claude/skills/azure-admin/docs/user-management.md": [
      {
        "type": "Secret Keyword",
        "filename": "docs/claude/skills/azure-admin/docs/user-management.md",
        "hashed_secret": "8720b7945189fb56b56b4b0ab1b9dcfc3877dd7a",
        "is_verified": false,
        "line_number": 237
      }
    ],
    "docs/claude/skills/pdf/examples/example_usage.md": [
      {
        "type": "Secret Keyword",
        "filename": "docs/claude/skills/pdf/examples/example_usage.md",
        "hashed_secret": "b1f18ec98274bfef7562a58b76c4ff84c140682c",
        "is_verified": false,
        "line_number": 403
      },
      {
        "type": "Secret Keyword",
        "filename": "docs/claude/skills/pdf/examples/example_usage.md",
        "hashed_secret": "d3155d7ea7c71affde7fcbc23b364033b89fae8a",
        "is_verified": false,
        "line_number": 404
      }
    ],
    "docs/claude/skills/qa-team/examples/tui/tui-form-validation.yaml": [
      {
        "type": "Secret Keyword",
        "filename": "docs/claude/skills/qa-team/examples/tui/tui-form-validation.yaml",
        "hashed_secret": "72559b51f94a7a3ad058c5740cbe2f7cb0d4080b",
        "is_verified": false,
        "line_number": 31
      }
    ],
    "docs/claude/skills/qa-team/examples/web/web-authentication-flow.yaml": [
      {
        "type": "Secret Keyword",
        "filename": "docs/claude/skills/qa-team/examples/web/web-authentication-flow.yaml",
        "hashed_secret": "ab3eb0f868f05373c611a6c904ae319ff0772c0c",
        "is_verified": false,
        "line_number": 23
      },
      {
        "type": "Secret Keyword",
        "filename": "docs/claude/skills/qa-team/examples/web/web-authentication-flow.yaml",
        "hashed_secret": "6eb67d95dba1a614971e31e78146d44bd4a3ada3",
        "is_verified": false,
        "line_number": 25
      }
    ],
    "docs/claude/skills/quality/testing-code/SKILL.md": [
      {
        "type": "Secret Keyword",
        "filename": "docs/claude/skills/quality/testing-code/SKILL.md",
        "hashed_secret": "72559b51f94a7a3ad058c5740cbe2f7cb0d4080b",
        "is_verified": false,
        "line_number": 197
      }
    ],
    "docs/claude/skills/transcript-viewer/SKILL.md": [
      {
        "type": "Hex High Entropy String",
        "filename": "docs/claude/skills/transcript-viewer/SKILL.md",
        "hashed_secret": "84331946e55ba6fb22e85447668cc6f14a63dbd0",
        "is_verified": false,
        "line_number": 445
      }
    ],
    "docs/claude/tools/amplihack/remote/AUTH_SETUP.md": [
      {
        "type": "Secret Keyword",
        "filename": "docs/claude/tools/amplihack/remote/AUTH_SETUP.md",
        "hashed_secret": "5ad5daf0f131bb83bef3557cab49b1b2a4838f8a",
        "is_verified": false,
        "line_number": 33
      }
    ],
    "docs/claude/tools/amplihack/remote/test_auth.py": [
      {
        "type": "Secret Keyword",
        "filename": "docs/claude/tools/amplihack/remote/test_auth.py",
        "hashed_secret": "a94a8fe5ccb19ba61c4c0873d391e987982fbbd3",
        "is_verified": false,
        "line_number": 33
      },
      {
        "type": "Secret Keyword",
        "filename": "docs/claude/tools/amplihack/remote/test_auth.py",
        "hashed_secret": "e5e9fa1ba31ecd1ae84f75caaa474f3a663f05f4",
        "is_verified": false,
        "line_number": 44
      },
      {
        "type": "Secret Keyword",
        "filename": "docs/claude/tools/amplihack/remote/test_auth.py",
        "hashed_secret": "fe1bae27cb7c1fb823f496f286e78f1d2ae87734",
        "is_verified": false,
        "line_number": 83
      }
    ],
    "docs/claude/tools/amplihack/remote/test_components.py": [
      {
        "type": "Secret Keyword",
        "filename": "docs/claude/tools/amplihack/remote/test_components.py",
        "hashed_secret": "0b1f2a7eb7c712eca1c2516a53be0aae44662378",
        "is_verified": false,
        "line_number": 69
      },
      {
        "type": "Base64 High Entropy String",
        "filename": "docs/claude/tools/amplihack/remote/test_components.py",
        "hashed_secret": "19ab5791d939dc87074ce46e1d42b2141b88fb47",
        "is_verified": false,
        "line_number": 83
      },
      {
        "type": "Secret Keyword",
        "filename": "docs/claude/tools/amplihack/remote/test_components.py",
        "hashed_secret": "f9f655f33d66adb729ad561c0986f933ad8cc283",
        "is_verified": false,
        "line_number": 97
      },
      {
        "type": "Private Key",
        "filename": "docs/claude/tools/amplihack/remote/test_components.py",
        "hashed_secret": "1348b145fa1a555461c1b790a2f66614781091e9",
        "is_verified": false,
        "line_number": 215
      }
    ],
    "docs/claude/tools/amplihack/remote/tests/test_cli.py": [
      {
        "type": "Secret Keyword",
        "filename": "docs/claude/tools/amplihack/remote/tests/test_cli.py",
        "hashed_secret": "3acfb2c2b433c0ea7ff107e33df91b18e52f960f",
        "is_verified": false,
        "line_number": 223
      }
    ],
    "docs/claude/tools/amplihack/remote/tests/test_context_packager.py": [
      {
        "type": "Secret Keyword",
        "filename": "docs/claude/tools/amplihack/remote/tests/test_context_packager.py",
        "hashed_secret": "0b1f2a7eb7c712eca1c2516a53be0aae44662378",
        "is_verified": false,
        "line_number": 53
      },
      {
        "type": "Secret Keyword",
        "filename": "docs/claude/tools/amplihack/remote/tests/test_context_packager.py",
        "hashed_secret": "ec046dfcb0c948ef5df2bda3ead855a4d119ce7f",
        "is_verified": false,
        "line_number": 219
      }
    ],
    "docs/claude/tools/amplihack/remote/tests/test_executor_tmux.py": [
      {
        "type": "Secret Keyword",
        "filename": "docs/claude/tools/amplihack/remote/tests/test_executor_tmux.py",
        "hashed_secret": "ed65c049bb2f78ee4f703b2158ba9cc6ea31fb7e",
        "is_verified": false,
        "line_number": 50
      },
      {
        "type": "Secret Keyword",
        "filename": "docs/claude/tools/amplihack/remote/tests/test_executor_tmux.py",
        "hashed_secret": "3acfb2c2b433c0ea7ff107e33df91b18e52f960f",
        "is_verified": false,
        "line_number": 111
      },
      {
        "type": "Base64 High Entropy String",
        "filename": "docs/claude/tools/amplihack/remote/tests/test_executor_tmux.py",
        "hashed_secret": "4bf8ac68fd041afebb06738ed93dfff2b6b89b40",
        "is_verified": false,
        "line_number": 175
      }
    ],
    "docs/claude/tools/amplihack/remote/tests/test_integration.py": [
      {
        "type": "Secret Keyword",
        "filename": "docs/claude/tools/amplihack/remote/tests/test_integration.py",
        "hashed_secret": "1043071fb8eddffe7fd732ed7b77935864b76701",
        "is_verified": false,
        "line_number": 419
      }
    ],
    "docs/doc_graph_quick_reference.md": [
      {
        "type": "Secret Keyword",
        "filename": "docs/doc_graph_quick_reference.md",
        "hashed_secret": "564e340cd48437d2dfe876ee154cc99dc4d0d137",
        "is_verified": false,
        "line_number": 285
      }
    ],
    "docs/external_knowledge_integration.md": [
      {
        "type": "Secret Keyword",
        "filename": "docs/external_knowledge_integration.md",
        "hashed_secret": "564e340cd48437d2dfe876ee154cc99dc4d0d137",
        "is_verified": false,
        "line_number": 412
      }
    ],
    "docs/memory/KUZU_CODE_SCHEMA.md": [
      {
        "type": "Hex High Entropy String",
        "filename": "docs/memory/KUZU_CODE_SCHEMA.md",
        "hashed_secret": "b4c9248600a42f8c38c01b632f392dbcb4c7b19a",
        "is_verified": false,
        "line_number": 96
      }
    ],
    "docs/reference/amplifier-command.md": [
      {
        "type": "Secret Keyword",
        "filename": "docs/reference/amplifier-command.md",
        "hashed_secret": "6d9c68c603e465077bdd49c62347fe54717f83a3",
        "is_verified": false,
        "line_number": 211
      }
    ],
    "docs/remote-sessions/README.md": [
      {
        "type": "Secret Keyword",
        "filename": "docs/remote-sessions/README.md",
        "hashed_secret": "c7a8c334eef5d1749fface7d42c66f9ae5e8cf36",
        "is_verified": false,
        "line_number": 323
      }
    ],
    "docs/remote-sessions/TUTORIAL.md": [
      {
        "type": "Secret Keyword",
        "filename": "docs/remote-sessions/TUTORIAL.md",
        "hashed_secret": "c7a8c334eef5d1749fface7d42c66f9ae5e8cf36",
        "is_verified": false,
        "line_number": 37
      }
    ],
    "docs/remote-sessions/index.md": [
      {
        "type": "Secret Keyword",
        "filename": "docs/remote-sessions/index.md",
        "hashed_secret": "c7a8c334eef5d1749fface7d42c66f9ae5e8cf36",
        "is_verified": false,
        "line_number": 167
      }
    ],
    "docs/security/SECURITY_API_REFERENCE.md": [
      {
        "type": "Base64 High Entropy String",
        "filename": "docs/security/SECURITY_API_REFERENCE.md",
        "hashed_secret": "48cbefb36880934b2caaf8c73c7d473fb57389d6",
        "is_verified": false,
        "line_number": 231
      },
      {
        "type": "Base64 High Entropy String",
        "filename": "docs/security/SECURITY_API_REFERENCE.md",
        "hashed_secret": "8e22880b4e96bab354e1da6c91d2f58dabde3555",
        "is_verified": false,
        "line_number": 232
      },
      {
        "type": "Base64 High Entropy String",
        "filename": "docs/security/SECURITY_API_REFERENCE.md",
        "hashed_secret": "199d746573171596011c6fb943a739216ff92366",
        "is_verified": false,
        "line_number": 251
      },
      {
        "type": "JSON Web Token",
        "filename": "docs/security/SECURITY_API_REFERENCE.md",
        "hashed_secret": "34c659f4df06118f5bc39edc355b4542851ad3f6",
        "is_verified": false,
        "line_number": 286
      },
      {
        "type": "Base64 High Entropy String",
        "filename": "docs/security/SECURITY_API_REFERENCE.md",
        "hashed_secret": "2ec43168bab8a1764e44a4a08125d49d460d4d8a",
        "is_verified": false,
        "line_number": 303
      }
    ],
    "experiments/hive_mind/query_hive.py": [
      {
        "type": "Secret Keyword",
        "filename": "experiments/hive_mind/query_hive.py",
        "hashed_secret": "c7a8c334eef5d1749fface7d42c66f9ae5e8cf36",
        "is_verified": false,
        "line_number": 77
      }
    ],
    "scripts/azure-admin/README.md": [
      {
        "type": "Secret Keyword",
        "filename": "scripts/azure-admin/README.md",
        "hashed_secret": "4d0d3c53f51abc7660789000a958332860aa8280",
        "is_verified": false,
        "line_number": 15
      },
      {
        "type": "Secret Keyword",
        "filename": "scripts/azure-admin/README.md",
        "hashed_secret": "a9275668c4e3f092aba8a281bf660092a687d849",
        "is_verified": false,
        "line_number": 85
      }
    ],
    "scripts/azure-admin/create-azure-users.sh": [
      {
        "type": "Secret Keyword",
        "filename": "scripts/azure-admin/create-azure-users.sh",
        "hashed_secret": "4d0d3c53f51abc7660789000a958332860aa8280",
        "is_verified": false,
        "line_number": 9
      }
    ],
    "src/amplihack/fleet/tests/test_backends.py": [
      {
        "type": "Secret Keyword",
        "filename": "src/amplihack/fleet/tests/test_backends.py",
        "hashed_secret": "f10317c27ca4d2ef628b2690766ceca20f8668ac",
        "is_verified": false,
        "line_number": 34
      },
      {
        "type": "Secret Keyword",
        "filename": "src/amplihack/fleet/tests/test_backends.py",
        "hashed_secret": "ba2cadf0d15d402c1f7b20d82cd6d42083ad2458",
        "is_verified": false,
        "line_number": 40
      }
    ],
    "src/amplihack/fleet/tests/test_fleet_cli.py": [
      {
        "type": "Secret Keyword",
        "filename": "src/amplihack/fleet/tests/test_fleet_cli.py",
        "hashed_secret": "3acfb2c2b433c0ea7ff107e33df91b18e52f960f",
        "is_verified": false,
        "line_number": 1646
      }
    ],
    "src/amplihack/fleet/tests/test_fleet_session_reasoner.py": [
      {
        "type": "Secret Keyword",
        "filename": "src/amplihack/fleet/tests/test_fleet_session_reasoner.py",
        "hashed_secret": "ed65c049bb2f78ee4f703b2158ba9cc6ea31fb7e",
        "is_verified": false,
        "line_number": 516
      },
      {
        "type": "Secret Keyword",
        "filename": "src/amplihack/fleet/tests/test_fleet_session_reasoner.py",
        "hashed_secret": "f10317c27ca4d2ef628b2690766ceca20f8668ac",
        "is_verified": false,
        "line_number": 544
      },
      {
        "type": "Secret Keyword",
        "filename": "src/amplihack/fleet/tests/test_fleet_session_reasoner.py",
        "hashed_secret": "c7cacebb397eabb2d807f19e4ee66ccf8f2965b6",
        "is_verified": false,
        "line_number": 547
      },
      {
        "type": "Secret Keyword",
        "filename": "src/amplihack/fleet/tests/test_fleet_session_reasoner.py",
        "hashed_secret": "5efd9c78161dbdc37aecdfecbe469d2d9975d9db",
        "is_verified": false,
        "line_number": 554
      }
    ],
    "src/amplihack/vendor/blarify/vendor/multilspy/language_servers/omnisharp/runtime_dependencies.json": [
      {
        "type": "Hex High Entropy String",
        "filename": "src/amplihack/vendor/blarify/vendor/multilspy/language_servers/omnisharp/runtime_dependencies.json",
        "hashed_secret": "429423314544468e6392943f701a36f7883a6bf3",
        "is_verified": false,
        "line_number": 14
      },
      {
        "type": "Hex High Entropy String",
        "filename": "src/amplihack/vendor/blarify/vendor/multilspy/language_servers/omnisharp/runtime_dependencies.json",
        "hashed_secret": "e99bbccc3c5c5db0fa82193c7fbd539fe5a7e02f",
        "is_verified": false,
        "line_number": 28
      },
      {
        "type": "Hex High Entropy String",
        "filename": "src/amplihack/vendor/blarify/vendor/multilspy/language_servers/omnisharp/runtime_dependencies.json",
        "hashed_secret": "b5b854d6bba7ee061176b7cf6e619ed51991c27d",
        "is_verified": false,
        "line_number": 42
      },
      {
        "type": "Hex High Entropy String",
        "filename": "src/amplihack/vendor/blarify/vendor/multilspy/language_servers/omnisharp/runtime_dependencies.json",
        "hashed_secret": "9612aaee895f7503676793e93043759845cdb09d",
        "is_verified": false,
        "line_number": 56
      },
      {
        "type": "Hex High Entropy String",
        "filename": "src/amplihack/vendor/blarify/vendor/multilspy/language_servers/omnisharp/runtime_dependencies.json",
        "hashed_secret": "950f1a895adb6c6610930b3e3ce437be7d035916",
        "is_verified": false,
        "line_number": 70
      },
      {
        "type": "Hex High Entropy String",
        "filename": "src/amplihack/vendor/blarify/vendor/multilspy/language_servers/omnisharp/runtime_dependencies.json",
        "hashed_secret": "96841f5d48a4a0c5086eb1d21cb11fdeb92dab22",
        "is_verified": false,
        "line_number": 84
      },
      {
        "type": "Hex High Entropy String",
        "filename": "src/amplihack/vendor/blarify/vendor/multilspy/language_servers/omnisharp/runtime_dependencies.json",
        "hashed_secret": "677c1d6caaf07c648a15c84d48b62c21d1fe4a52",
        "is_verified": false,
        "line_number": 99
      },
      {
        "type": "Hex High Entropy String",
        "filename": "src/amplihack/vendor/blarify/vendor/multilspy/language_servers/omnisharp/runtime_dependencies.json",
        "hashed_secret": "8e845d5df2f03dbe79edb83a1840801896c38eda",
        "is_verified": false,
        "line_number": 112
      },
      {
        "type": "Hex High Entropy String",
        "filename": "src/amplihack/vendor/blarify/vendor/multilspy/language_servers/omnisharp/runtime_dependencies.json",
        "hashed_secret": "2e2b7269897f2d78aa4e90705226279ae3fdb57e",
        "is_verified": false,
        "line_number": 125
      },
      {
        "type": "Hex High Entropy String",
        "filename": "src/amplihack/vendor/blarify/vendor/multilspy/language_servers/omnisharp/runtime_dependencies.json",
        "hashed_secret": "8eff8e2bcb72ef4b6726a1aa3b69c086ec175d12",
        "is_verified": false,
        "line_number": 139
      },
      {
        "type": "Hex High Entropy String",
        "filename": "src/amplihack/vendor/blarify/vendor/multilspy/language_servers/omnisharp/runtime_dependencies.json",
        "hashed_secret": "97b64ab99441979a8ff5e80160569e849b2dd50e",
        "is_verified": false,
        "line_number": 153
      },
      {
        "type": "Hex High Entropy String",
        "filename": "src/amplihack/vendor/blarify/vendor/multilspy/language_servers/omnisharp/runtime_dependencies.json",
        "hashed_secret": "a87e33474a9bfe2f992c0249a148c83ba12aa54d",
        "is_verified": false,
        "line_number": 166
      },
      {
        "type": "Hex High Entropy String",
        "filename": "src/amplihack/vendor/blarify/vendor/multilspy/language_servers/omnisharp/runtime_dependencies.json",
        "hashed_secret": "a7ba32643c40fae95b7d2c2d0ab748902fc3e225",
        "is_verified": false,
        "line_number": 181
      },
      {
        "type": "Hex High Entropy String",
        "filename": "src/amplihack/vendor/blarify/vendor/multilspy/language_servers/omnisharp/runtime_dependencies.json",
        "hashed_secret": "a627da811100c13d44e61543acf9a07f1764a1f7",
        "is_verified": false,
        "line_number": 194
      },
      {
        "type": "Hex High Entropy String",
        "filename": "src/amplihack/vendor/blarify/vendor/multilspy/language_servers/omnisharp/runtime_dependencies.json",
        "hashed_secret": "c292359eb4312cf4f12d4672bf98ff8a2fbf5413",
        "is_verified": false,
        "line_number": 207
      },
      {
        "type": "Hex High Entropy String",
        "filename": "src/amplihack/vendor/blarify/vendor/multilspy/language_servers/omnisharp/runtime_dependencies.json",
        "hashed_secret": "0644df24c5bc5b04784a0903cf3837656ca6f1cd",
        "is_verified": false,
        "line_number": 220
      }
    ],
    "tests/agentic/CI_REQUIREMENTS.md": [
      {
        "type": "Secret Keyword",
        "filename": "tests/agentic/CI_REQUIREMENTS.md",
        "hashed_secret": "a8253456364f1bfc7da7ae4a1db5b45d106317a5",
        "is_verified": false,
        "line_number": 61
      }
    ],
    "tests/meta_delegation/conftest.py": [
      {
        "type": "Secret Keyword",
        "filename": "tests/meta_delegation/conftest.py",
        "hashed_secret": "00942f4668670f34c5943cf52c7ef3139fe2b8d6",
        "is_verified": false,
        "line_number": 127
      }
    ],
    "tests/meta_delegation/e2e/test_qa_validates_feature.py": [
      {
        "type": "Secret Keyword",
        "filename": "tests/meta_delegation/e2e/test_qa_validates_feature.py",
        "hashed_secret": "49efef5f70d47adc2db2eb397fbef5f7bc560e29",
        "is_verified": false,
        "line_number": 169
      }
    ],
    "tests/outside_in/test_bastion_tunnel_reuse.py": [
      {
        "type": "Secret Keyword",
        "filename": "tests/outside_in/test_bastion_tunnel_reuse.py",
        "hashed_secret": "3acfb2c2b433c0ea7ff107e33df91b18e52f960f",
        "is_verified": false,
        "line_number": 201
      }
    ],
    "tests/plugin/test_variable_substitutor.py": [
      {
        "type": "Secret Keyword",
        "filename": "tests/plugin/test_variable_substitutor.py",
        "hashed_secret": "8c90d101ded358c6e77da6a2c731540d33b97af5",
        "is_verified": false,
        "line_number": 289
      }
    ],
    "tests/test_pre_compact_session_id_validation.py": [
      {
        "type": "Hex High Entropy String",
        "filename": "tests/test_pre_compact_session_id_validation.py",
        "hashed_secret": "c377074d6473f35a91001981355da793dc808ffd",
        "is_verified": false,
        "line_number": 76
      }
    ],
    "tests/tracing/test_e2e.py": [
      {
        "type": "Base64 High Entropy String",
        "filename": "tests/tracing/test_e2e.py",
        "hashed_secret": "48cbefb36880934b2caaf8c73c7d473fb57389d6",
        "is_verified": false,
        "line_number": 150
      },
      {
        "type": "Secret Keyword",
        "filename": "tests/tracing/test_e2e.py",
        "hashed_secret": "48cbefb36880934b2caaf8c73c7d473fb57389d6",
        "is_verified": false,
        "line_number": 150
      },
      {
        "type": "GitHub Token",
        "filename": "tests/tracing/test_e2e.py",
        "hashed_secret": "e175c6f5f2a92e8623bd9a4820edb4e8c1b0fd10",
        "is_verified": false,
        "line_number": 159
      }
    ],
    "worktrees/.claude/skills/azure-admin/docs/devops-automation.md": [
      {
        "type": "Secret Keyword",
        "filename": "worktrees/.claude/skills/azure-admin/docs/devops-automation.md",
        "hashed_secret": "581bcec62a5fe12c3829ad861c0c671d5acf7405",
        "is_verified": false,
        "line_number": 677
      }
    ],
    "worktrees/.claude/skills/azure-admin/docs/user-management.md": [
      {
        "type": "Secret Keyword",
        "filename": "worktrees/.claude/skills/azure-admin/docs/user-management.md",
        "hashed_secret": "8720b7945189fb56b56b4b0ab1b9dcfc3877dd7a",
        "is_verified": false,
        "line_number": 234
      }
    ]
  },
  "generated_at": "2026-03-31T07:25:53Z"
}
